// Jest Snapshot v1, https://goo.gl/fbAQLP

exports[`Modal component should render 1`] = `
<DocumentFragment>
  <img />
</DocumentFragment>
`;
